[INFO] Scanning for projects...
[INFO] 
[INFO] -----------< com.securityanalyzer:apixa-conformance-service >-----------
[INFO] Building APIXA Conformance Service 0.0.1-SNAPSHOT
[INFO]   from pom.xml
[INFO] --------------------------------[ jar ]---------------------------------
[INFO] 
[INFO] >>> spring-boot:4.1.1:run (default-cli) > test-compile @ apixa-conformance-service >>>
[INFO] 
[INFO] --- resources:3.5.0:resources (default-resources) @ apixa-conformance-service ---
[INFO] Copying 1 resource from src\main\resources to target\classes
[INFO] Copying 0 resource from src\main\resources to target\classes
[INFO] 
[INFO] --- compiler:3.15.0:compile (default-compile) @ apixa-conformance-service ---
[INFO] Recompiling the module because of changed source code.
[INFO] Compiling 7 source files with javac [debug parameters release 21] to target\classes
[INFO] 
[INFO] --- resources:3.5.0:testResources (default-testResources) @ apixa-conformance-service ---
[INFO] skip non existing resourceDirectory C:\Codes\APIXA\security-contract-analyzer\apixa-conformance-service\src\test\resources
[INFO] 
[INFO] --- compiler:3.15.0:testCompile (default-testCompile) @ apixa-conformance-service ---
[INFO] No sources to compile
[INFO] 
[INFO] <<< spring-boot:4.1.1:run (default-cli) < test-compile @ apixa-conformance-service <<<
[INFO] 
[INFO] 
[INFO] --- spring-boot:4.1.1:run (default-cli) @ apixa-conformance-service ---
[INFO] Attaching agents: []

  .   ____          _            __ _ _
 /\\ / ___'_ __ _ _(_)_ __  __ _ \ \ \ \
( ( )\___ | '_ | '_| | '_ \/ _` | \ \ \ \
 \\/  ___)| |_)| | | | | || (_| |  ) ) ) )
  '  |____| .__|_| |_|_| |_\__, | / / / /
 =========|_|==============|___/=/_/_/_/

 :: Spring Boot ::                (v4.1.1)

2026-10-01T19:54:32.719+05:30  INFO 9700 --- [apixa-conformance-service] [           main] c.a.c.ConformanceServiceApplication      : Starting ConformanceServiceApplication using Java 21.0.1 with PID 9700 (C:\Codes\APIXA\security-contract-analyzer\apixa-conformance-service\target\classes started by shivs in C:\Codes\APIXA\security-contract-analyzer\apixa-conformance-service)
2026-10-01T19:54:32.722+05:30  INFO 9700 --- [apixa-conformance-service] [           main] c.a.c.ConformanceServiceApplication      : No active profile set, falling back to 1 default profile: "default"
2026-10-01T19:54:33.166+05:30  INFO 9700 --- [apixa-conformance-service] [           main] .s.d.r.c.RepositoryConfigurationDelegate : Bootstrapping Spring Data JPA repositories in DEFAULT mode.
2026-10-01T19:54:33.183+05:30  INFO 9700 --- [apixa-conformance-service] [           main] .s.d.r.c.RepositoryConfigurationDelegate : Finished Spring Data repository scanning in 9 ms. Found 0 JPA repository interfaces.
2026-10-01T19:54:33.535+05:30  INFO 9700 --- [apixa-conformance-service] [           main] o.s.boot.tomcat.TomcatWebServer          : Tomcat initialized with port 8085 (http)
2026-10-01T19:54:33.549+05:30  INFO 9700 --- [apixa-conformance-service] [           main] o.apache.catalina.core.StandardService   : Starting service [Tomcat]
2026-10-01T19:54:33.549+05:30  INFO 9700 --- [apixa-conformance-service] [           main] o.apache.catalina.core.StandardEngine    : Starting Servlet engine: [Apache Tomcat/11.0.24]
2026-10-01T19:54:33.596+05:30  INFO 9700 --- [apixa-conformance-service] [           main] b.w.c.s.WebApplicationContextInitializer : Root WebApplicationContext: initialization completed in 832 ms
2026-10-01T19:54:33.739+05:30  INFO 9700 --- [apixa-conformance-service] [           main] org.hibernate.orm.jpa                    : HHH008540: Processing PersistenceUnitInfo [name: default]
2026-10-01T19:54:33.805+05:30  INFO 9700 --- [apixa-conformance-service] [           main] org.hibernate.orm.core                   : HHH000001: Hibernate ORM core version 7.4.5.Final
2026-10-01T19:54:34.177+05:30  INFO 9700 --- [apixa-conformance-service] [           main] o.s.o.j.p.SpringPersistenceUnitInfo      : No LoadTimeWeaver setup: ignoring JPA class transformer
2026-10-01T19:54:34.212+05:30  INFO 9700 --- [apixa-conformance-service] [           main] com.zaxxer.hikari.HikariDataSource       : HikariPool-1 - Starting...
2026-10-01T19:54:34.301+05:30  INFO 9700 --- [apixa-conformance-service] [           main] com.zaxxer.hikari.pool.HikariPool        : HikariPool-1 - Added connection org.sqlite.jdbc4.JDBC4Connection@e72fb04
2026-10-01T19:54:34.303+05:30  INFO 9700 --- [apixa-conformance-service] [           main] com.zaxxer.hikari.HikariDataSource       : HikariPool-1 - Start completed.
2026-10-01T19:54:34.342+05:30  INFO 9700 --- [apixa-conformance-service] [           main] org.hibernate.orm.connections.pooling    : HHH10001005: Database info:
	Database JDBC URL [jdbc:sqlite:./data/conformance.db]
	Database driver: SQLite JDBC
	Database dialect: SQLiteDialect
	Database version: 3.50.3
	Default catalog/schema: undefined/undefined
	Autocommit mode: undefined/unknown
	Isolation level: SERIALIZABLE [default SERIALIZABLE]
	JDBC fetch size: none
	Pool: DataSourceConnectionProvider
	Minimum pool size: undefined/unknown
	Maximum pool size: undefined/unknown
2026-10-01T19:54:34.657+05:30  INFO 9700 --- [apixa-conformance-service] [           main] org.hibernate.orm.core                   : HHH000489: No JTA platform available (set 'hibernate.transaction.jta.platform' to enable JTA platform integration)
2026-10-01T19:54:34.687+05:30  INFO 9700 --- [apixa-conformance-service] [           main] j.LocalContainerEntityManagerFactoryBean : Initialized JPA EntityManagerFactory for persistence unit 'default'
2026-10-01T19:54:34.992+05:30  INFO 9700 --- [apixa-conformance-service] [           main] o.s.boot.tomcat.TomcatWebServer          : Tomcat started on port 8085 (http) with context path '/'
2026-10-01T19:54:34.996+05:30  INFO 9700 --- [apixa-conformance-service] [           main] c.a.c.ConformanceServiceApplication      : Started ConformanceServiceApplication in 2.66 seconds (process running for 2.96)
2026-10-01T19:54:57.352+05:30  INFO 9700 --- [apixa-conformance-service] [omcat-handler-0] o.a.c.c.C.[Tomcat].[localhost].[/]       : Initializing Spring DispatcherServlet 'dispatcherServlet'
2026-10-01T19:54:57.353+05:30  INFO 9700 --- [apixa-conformance-service] [omcat-handler-0] o.s.web.servlet.DispatcherServlet        : Initializing Servlet 'dispatcherServlet'
2026-10-01T19:54:57.354+05:30  INFO 9700 --- [apixa-conformance-service] [omcat-handler-0] o.s.web.servlet.DispatcherServlet        : Completed initialization in 0 ms
2026-10-01T19:54:57.479+05:30  WARN 9700 --- [apixa-conformance-service] [omcat-handler-0] o.h.v.i.m.a.CascadingMetaDataBuilder     : HV000271: Using `@Valid` on a container (java.util.List) is deprecated. You should apply the annotation on the type argument(s). Affected element: ConformanceRequest#contractEndpoints()
2026-10-01T19:54:57.485+05:30  WARN 9700 --- [apixa-conformance-service] [omcat-handler-0] o.h.v.i.m.a.CascadingMetaDataBuilder     : HV000271: Using `@Valid` on a container (java.util.List) is deprecated. You should apply the annotation on the type argument(s). Affected element: contractEndpoints
2026-10-01T19:54:57.487+05:30  WARN 9700 --- [apixa-conformance-service] [omcat-handler-0] o.h.v.i.m.a.CascadingMetaDataBuilder     : HV000271: Using `@Valid` on a container (java.util.List) is deprecated. You should apply the annotation on the type argument(s). Affected element: ConformanceRequest#com.apixa.conformance.model.ConformanceRequest(List, List, List)
2026-10-01T19:55:16.035+05:30 ERROR 9700 --- [apixa-conformance-service] [omcat-handler-4] c.a.c.c.ConformanceExceptionHandler      : conformance body parse failure on /api/conformance/analyze: JSON parse error: Cannot deserialize value of type `java.util.ArrayList<com.apixa.conformance.model.ConformanceRequest$ContractEndpointInput>` from String value (token `JsonToken.VALUE_STRING`)
2026-10-01T19:55:16.039+05:30 ERROR 9700 --- [apixa-conformance-service] [omcat-handler-5] c.a.c.c.ConformanceExceptionHandler      : conformance body parse failure on /api/conformance/analyze: JSON parse error: Unrecognized token 'not': was expecting (JSON String, Number, Array, Object or token 'null', 'true' or 'false')
