[INFO] Scanning for projects...
[INFO] 
[INFO] ------------< com.securityanalyzer:apixa-evidence-service >-------------
[INFO] Building APIXA Evidence Service 0.0.1-SNAPSHOT
[INFO]   from pom.xml
[INFO] --------------------------------[ jar ]---------------------------------
[INFO] 
[INFO] >>> spring-boot:4.1.1:run (default-cli) > test-compile @ apixa-evidence-service >>>
[INFO] 
[INFO] --- resources:3.5.0:resources (default-resources) @ apixa-evidence-service ---
[INFO] Copying 1 resource from src\main\resources to target\classes
[INFO] Copying 0 resource from src\main\resources to target\classes
[INFO] 
[INFO] --- compiler:3.15.0:compile (default-compile) @ apixa-evidence-service ---
[INFO] Nothing to compile - all classes are up to date.
[INFO] 
[INFO] --- resources:3.5.0:testResources (default-testResources) @ apixa-evidence-service ---
[INFO] skip non existing resourceDirectory C:\Codes\APIXA\security-contract-analyzer\apixa-evidence-service\src\test\resources
[INFO] 
[INFO] --- compiler:3.15.0:testCompile (default-testCompile) @ apixa-evidence-service ---
[INFO] No sources to compile
[INFO] 
[INFO] <<< spring-boot:4.1.1:run (default-cli) < test-compile @ apixa-evidence-service <<<
[INFO] 
[INFO] 
[INFO] --- spring-boot:4.1.1:run (default-cli) @ apixa-evidence-service ---
[INFO] Attaching agents: []

  .   ____          _            __ _ _
 /\\ / ___'_ __ _ _(_)_ __  __ _ \ \ \ \
( ( )\___ | '_ | '_| | '_ \/ _` | \ \ \ \
 \\/  ___)| |_)| | | | | || (_| |  ) ) ) )
  '  |____| .__|_| |_|_| |_\__, | / / / /
 =========|_|==============|___/=/_/_/_/

 :: Spring Boot ::                (v4.1.1)

2026-10-01T20:08:30.813+05:30  INFO 26784 --- [apixa-evidence-service] [           main] c.a.evidence.EvidenceServiceApplication  : Starting EvidenceServiceApplication using Java 21.0.1 with PID 26784 (C:\Codes\APIXA\security-contract-analyzer\apixa-evidence-service\target\classes started by shivs in C:\Codes\APIXA\security-contract-analyzer\apixa-evidence-service)
2026-10-01T20:08:30.816+05:30  INFO 26784 --- [apixa-evidence-service] [           main] c.a.evidence.EvidenceServiceApplication  : No active profile set, falling back to 1 default profile: "default"
2026-10-01T20:08:31.306+05:30  INFO 26784 --- [apixa-evidence-service] [           main] .s.d.r.c.RepositoryConfigurationDelegate : Bootstrapping Spring Data JPA repositories in DEFAULT mode.
2026-10-01T20:08:31.347+05:30  INFO 26784 --- [apixa-evidence-service] [           main] .s.d.r.c.RepositoryConfigurationDelegate : Finished Spring Data repository scanning in 34 ms. Found 1 JPA repository interface.
2026-10-01T20:08:31.743+05:30  INFO 26784 --- [apixa-evidence-service] [           main] o.s.boot.tomcat.TomcatWebServer          : Tomcat initialized with port 8086 (http)
2026-10-01T20:08:31.759+05:30  INFO 26784 --- [apixa-evidence-service] [           main] o.apache.catalina.core.StandardService   : Starting service [Tomcat]
2026-10-01T20:08:31.760+05:30  INFO 26784 --- [apixa-evidence-service] [           main] o.apache.catalina.core.StandardEngine    : Starting Servlet engine: [Apache Tomcat/11.0.24]
2026-10-01T20:08:31.811+05:30  INFO 26784 --- [apixa-evidence-service] [           main] b.w.c.s.WebApplicationContextInitializer : Root WebApplicationContext: initialization completed in 952 ms
2026-10-01T20:08:31.953+05:30  INFO 26784 --- [apixa-evidence-service] [           main] org.hibernate.orm.jpa                    : HHH008540: Processing PersistenceUnitInfo [name: default]
2026-10-01T20:08:32.021+05:30  INFO 26784 --- [apixa-evidence-service] [           main] org.hibernate.orm.core                   : HHH000001: Hibernate ORM core version 7.4.5.Final
2026-10-01T20:08:32.430+05:30  INFO 26784 --- [apixa-evidence-service] [           main] o.s.o.j.p.SpringPersistenceUnitInfo      : No LoadTimeWeaver setup: ignoring JPA class transformer
2026-10-01T20:08:32.468+05:30  INFO 26784 --- [apixa-evidence-service] [           main] com.zaxxer.hikari.HikariDataSource       : HikariPool-1 - Starting...
2026-10-01T20:08:32.571+05:30  INFO 26784 --- [apixa-evidence-service] [           main] com.zaxxer.hikari.pool.HikariPool        : HikariPool-1 - Added connection org.sqlite.jdbc4.JDBC4Connection@527d48db
2026-10-01T20:08:32.574+05:30  INFO 26784 --- [apixa-evidence-service] [           main] com.zaxxer.hikari.HikariDataSource       : HikariPool-1 - Start completed.
2026-10-01T20:08:32.616+05:30  INFO 26784 --- [apixa-evidence-service] [           main] org.hibernate.orm.connections.pooling    : HHH10001005: Database info:
	Database JDBC URL [jdbc:sqlite:./data/evidence.db]
	Database driver: SQLite JDBC
	Database dialect: SQLiteDialect
	Database version: 3.50.3
	Default catalog/schema: undefined/undefined
	Autocommit mode: undefined/unknown
	Isolation level: SERIALIZABLE [default SERIALIZABLE]
	JDBC fetch size: none
	Pool: DataSourceConnectionProvider
	Minimum pool size: undefined/unknown
	Maximum pool size: undefined/unknown
2026-10-01T20:08:33.400+05:30  INFO 26784 --- [apixa-evidence-service] [           main] org.hibernate.orm.core                   : HHH000489: No JTA platform available (set 'hibernate.transaction.jta.platform' to enable JTA platform integration)
2026-10-01T20:08:33.436+05:30  INFO 26784 --- [apixa-evidence-service] [           main] j.LocalContainerEntityManagerFactoryBean : Initialized JPA EntityManagerFactory for persistence unit 'default'
2026-10-01T20:08:33.509+05:30  INFO 26784 --- [apixa-evidence-service] [           main] o.s.d.j.r.query.QueryEnhancerFactories   : Hibernate is in classpath; If applicable, HQL parser will be used.
2026-10-01T20:08:34.072+05:30  INFO 26784 --- [apixa-evidence-service] [           main] o.s.boot.tomcat.TomcatWebServer          : Tomcat started on port 8086 (http) with context path '/'
2026-10-01T20:08:34.077+05:30  INFO 26784 --- [apixa-evidence-service] [           main] c.a.evidence.EvidenceServiceApplication  : Started EvidenceServiceApplication in 3.68 seconds (process running for 4.059)
2026-10-01T20:09:23.161+05:30  INFO 26784 --- [apixa-evidence-service] [omcat-handler-0] o.a.c.c.C.[Tomcat].[localhost].[/]       : Initializing Spring DispatcherServlet 'dispatcherServlet'
2026-10-01T20:09:23.162+05:30  INFO 26784 --- [apixa-evidence-service] [omcat-handler-0] o.s.web.servlet.DispatcherServlet        : Initializing Servlet 'dispatcherServlet'
2026-10-01T20:09:23.163+05:30  INFO 26784 --- [apixa-evidence-service] [omcat-handler-0] o.s.web.servlet.DispatcherServlet        : Completed initialization in 0 ms
[INFO] ------------------------------------------------------------------------
[INFO] BUILD FAILURE
[INFO] ------------------------------------------------------------------------
[INFO] Total time:  09:17 h
[INFO] Finished at: 2026-10-02T05:25:31+05:30
[INFO] ------------------------------------------------------------------------
[ERROR] Failed to execute goal org.springframework.boot:spring-boot-maven-plugin:4.1.1:run (default-cli) on project apixa-evidence-service: Process terminated with exit code: 1073807364 -> [Help 1]
[ERROR] 
[ERROR] To see the full stack trace of the errors, re-run Maven with the -e switch.
[ERROR] Re-run Maven using the -X switch to enable full debug logging.
[ERROR] 
[ERROR] For more information about the errors and possible solutions, please read the following articles:
[ERROR] [Help 1] http://cwiki.apache.org/confluence/display/MAVEN/MojoExecutionException
