[INFO] Scanning for projects...
[INFO] 
[INFO] -------------< com.securityanalyzer:apixa-impact-service >--------------
[INFO] Building APIXA Impact Service 0.0.1-SNAPSHOT
[INFO]   from pom.xml
[INFO] --------------------------------[ jar ]---------------------------------
[INFO] 
[INFO] >>> spring-boot:4.1.1:run (default-cli) > test-compile @ apixa-impact-service >>>
[INFO] 
[INFO] --- resources:3.5.0:resources (default-resources) @ apixa-impact-service ---
[INFO] Copying 1 resource from src\main\resources to target\classes
[INFO] Copying 0 resource from src\main\resources to target\classes
[INFO] 
[INFO] --- compiler:3.15.0:compile (default-compile) @ apixa-impact-service ---
[INFO] Nothing to compile - all classes are up to date.
[INFO] 
[INFO] --- resources:3.5.0:testResources (default-testResources) @ apixa-impact-service ---
[INFO] skip non existing resourceDirectory C:\Codes\APIXA\security-contract-analyzer\apixa-impact-service\src\test\resources
[INFO] 
[INFO] --- compiler:3.15.0:testCompile (default-testCompile) @ apixa-impact-service ---
[INFO] No sources to compile
[INFO] 
[INFO] <<< spring-boot:4.1.1:run (default-cli) < test-compile @ apixa-impact-service <<<
[INFO] 
[INFO] 
[INFO] --- spring-boot:4.1.1:run (default-cli) @ apixa-impact-service ---
[INFO] Attaching agents: []

  .   ____          _            __ _ _
 /\\ / ___'_ __ _ _(_)_ __  __ _ \ \ \ \
( ( )\___ | '_ | '_| | '_ \/ _` | \ \ \ \
 \\/  ___)| |_)| | | | | || (_| |  ) ) ) )
  '  |____| .__|_| |_|_| |_\__, | / / / /
 =========|_|==============|___/=/_/_/_/

 :: Spring Boot ::                (v4.1.1)

2026-10-01T20:47:11.577+05:30  INFO 21028 --- [apixa-impact-service] [           main] c.apixa.impact.ImpactServiceApplication  : Starting ImpactServiceApplication using Java 21.0.1 with PID 21028 (C:\Codes\APIXA\security-contract-analyzer\apixa-impact-service\target\classes started by shivs in C:\Codes\APIXA\security-contract-analyzer\apixa-impact-service)
2026-10-01T20:47:11.580+05:30  INFO 21028 --- [apixa-impact-service] [           main] c.apixa.impact.ImpactServiceApplication  : No active profile set, falling back to 1 default profile: "default"
2026-10-01T20:47:11.996+05:30  INFO 21028 --- [apixa-impact-service] [           main] .s.d.r.c.RepositoryConfigurationDelegate : Bootstrapping Spring Data JPA repositories in DEFAULT mode.
2026-10-01T20:47:12.012+05:30  INFO 21028 --- [apixa-impact-service] [           main] .s.d.r.c.RepositoryConfigurationDelegate : Finished Spring Data repository scanning in 9 ms. Found 0 JPA repository interfaces.
2026-10-01T20:47:12.343+05:30  INFO 21028 --- [apixa-impact-service] [           main] o.s.boot.tomcat.TomcatWebServer          : Tomcat initialized with port 8088 (http)
2026-10-01T20:47:12.356+05:30  INFO 21028 --- [apixa-impact-service] [           main] o.apache.catalina.core.StandardService   : Starting service [Tomcat]
2026-10-01T20:47:12.357+05:30  INFO 21028 --- [apixa-impact-service] [           main] o.apache.catalina.core.StandardEngine    : Starting Servlet engine: [Apache Tomcat/11.0.24]
2026-10-01T20:47:12.406+05:30  INFO 21028 --- [apixa-impact-service] [           main] b.w.c.s.WebApplicationContextInitializer : Root WebApplicationContext: initialization completed in 788 ms
2026-10-01T20:47:12.534+05:30  INFO 21028 --- [apixa-impact-service] [           main] org.hibernate.orm.jpa                    : HHH008540: Processing PersistenceUnitInfo [name: default]
2026-10-01T20:47:12.599+05:30  INFO 21028 --- [apixa-impact-service] [           main] org.hibernate.orm.core                   : HHH000001: Hibernate ORM core version 7.4.5.Final
2026-10-01T20:47:12.964+05:30  INFO 21028 --- [apixa-impact-service] [           main] o.s.o.j.p.SpringPersistenceUnitInfo      : No LoadTimeWeaver setup: ignoring JPA class transformer
2026-10-01T20:47:12.998+05:30  INFO 21028 --- [apixa-impact-service] [           main] com.zaxxer.hikari.HikariDataSource       : HikariPool-1 - Starting...
2026-10-01T20:47:13.098+05:30  INFO 21028 --- [apixa-impact-service] [           main] com.zaxxer.hikari.pool.HikariPool        : HikariPool-1 - Added connection org.sqlite.jdbc4.JDBC4Connection@365e65bb
2026-10-01T20:47:13.100+05:30  INFO 21028 --- [apixa-impact-service] [           main] com.zaxxer.hikari.HikariDataSource       : HikariPool-1 - Start completed.
2026-10-01T20:47:13.137+05:30  INFO 21028 --- [apixa-impact-service] [           main] org.hibernate.orm.connections.pooling    : HHH10001005: Database info:
	Database JDBC URL [jdbc:sqlite:./data/impact.db]
	Database driver: SQLite JDBC
	Database dialect: SQLiteDialect
	Database version: 3.50.3
	Default catalog/schema: undefined/undefined
	Autocommit mode: undefined/unknown
	Isolation level: SERIALIZABLE [default SERIALIZABLE]
	JDBC fetch size: none
	Pool: DataSourceConnectionProvider
	Minimum pool size: undefined/unknown
	Maximum pool size: undefined/unknown
2026-10-01T20:47:13.453+05:30  INFO 21028 --- [apixa-impact-service] [           main] org.hibernate.orm.core                   : HHH000489: No JTA platform available (set 'hibernate.transaction.jta.platform' to enable JTA platform integration)
2026-10-01T20:47:13.485+05:30  INFO 21028 --- [apixa-impact-service] [           main] j.LocalContainerEntityManagerFactoryBean : Initialized JPA EntityManagerFactory for persistence unit 'default'
2026-10-01T20:47:13.767+05:30  INFO 21028 --- [apixa-impact-service] [           main] o.s.boot.tomcat.TomcatWebServer          : Tomcat started on port 8088 (http) with context path '/'
2026-10-01T20:47:13.771+05:30  INFO 21028 --- [apixa-impact-service] [           main] c.apixa.impact.ImpactServiceApplication  : Started ImpactServiceApplication in 2.535 seconds (process running for 2.834)
2026-10-01T20:48:17.028+05:30  INFO 21028 --- [apixa-impact-service] [omcat-handler-0] o.a.c.c.C.[Tomcat].[localhost].[/]       : Initializing Spring DispatcherServlet 'dispatcherServlet'
2026-10-01T20:48:17.029+05:30  INFO 21028 --- [apixa-impact-service] [omcat-handler-0] o.s.web.servlet.DispatcherServlet        : Initializing Servlet 'dispatcherServlet'
2026-10-01T20:48:17.030+05:30  INFO 21028 --- [apixa-impact-service] [omcat-handler-0] o.s.web.servlet.DispatcherServlet        : Completed initialization in 1 ms
