[INFO] Scanning for projects...
[INFO] 
[INFO] -------------< com.securityanalyzer:apixa-mapping-service >-------------
[INFO] Building APIXA Mapping Service 0.0.1-SNAPSHOT
[INFO]   from pom.xml
[INFO] --------------------------------[ jar ]---------------------------------
[INFO] 
[INFO] >>> spring-boot:4.1.1:run (default-cli) > test-compile @ apixa-mapping-service >>>
[INFO] 
[INFO] --- resources:3.5.0:resources (default-resources) @ apixa-mapping-service ---
[INFO] Copying 1 resource from src\main\resources to target\classes
[INFO] Copying 0 resource from src\main\resources to target\classes
[INFO] 
[INFO] --- compiler:3.15.0:compile (default-compile) @ apixa-mapping-service ---
[INFO] Nothing to compile - all classes are up to date.
[INFO] 
[INFO] --- resources:3.5.0:testResources (default-testResources) @ apixa-mapping-service ---
[INFO] skip non existing resourceDirectory C:\Codes\APIXA\security-contract-analyzer\apixa-mapping-service\src\test\resources
[INFO] 
[INFO] --- compiler:3.15.0:testCompile (default-testCompile) @ apixa-mapping-service ---
[INFO] No sources to compile
[INFO] 
[INFO] <<< spring-boot:4.1.1:run (default-cli) < test-compile @ apixa-mapping-service <<<
[INFO] 
[INFO] 
[INFO] --- spring-boot:4.1.1:run (default-cli) @ apixa-mapping-service ---
[INFO] Attaching agents: []

  .   ____          _            __ _ _
 /\\ / ___'_ __ _ _(_)_ __  __ _ \ \ \ \
( ( )\___ | '_ | '_| | '_ \/ _` | \ \ \ \
 \\/  ___)| |_)| | | | | || (_| |  ) ) ) )
  '  |____| .__|_| |_|_| |_\__, | / / / /
 =========|_|==============|___/=/_/_/_/

 :: Spring Boot ::                (v4.1.1)

2026-10-01T19:32:09.198+05:30  INFO 19396 --- [apixa-mapping-service] [           main] c.a.mapping.MappingServiceApplication    : Starting MappingServiceApplication using Java 21.0.1 with PID 19396 (C:\Codes\APIXA\security-contract-analyzer\apixa-mapping-service\target\classes started by shivs in C:\Codes\APIXA\security-contract-analyzer\apixa-mapping-service)
2026-10-01T19:32:09.205+05:30  INFO 19396 --- [apixa-mapping-service] [           main] c.a.mapping.MappingServiceApplication    : No active profile set, falling back to 1 default profile: "default"
2026-10-01T19:32:09.913+05:30  INFO 19396 --- [apixa-mapping-service] [           main] .s.d.r.c.RepositoryConfigurationDelegate : Bootstrapping Spring Data JPA repositories in DEFAULT mode.
2026-10-01T19:32:09.941+05:30  INFO 19396 --- [apixa-mapping-service] [           main] .s.d.r.c.RepositoryConfigurationDelegate : Finished Spring Data repository scanning in 15 ms. Found 0 JPA repository interfaces.
2026-10-01T19:32:10.518+05:30  INFO 19396 --- [apixa-mapping-service] [           main] o.s.boot.tomcat.TomcatWebServer          : Tomcat initialized with port 8084 (http)
2026-10-01T19:32:10.544+05:30  INFO 19396 --- [apixa-mapping-service] [           main] o.apache.catalina.core.StandardService   : Starting service [Tomcat]
2026-10-01T19:32:10.544+05:30  INFO 19396 --- [apixa-mapping-service] [           main] o.apache.catalina.core.StandardEngine    : Starting Servlet engine: [Apache Tomcat/11.0.24]
2026-10-01T19:32:10.606+05:30  INFO 19396 --- [apixa-mapping-service] [           main] b.w.c.s.WebApplicationContextInitializer : Root WebApplicationContext: initialization completed in 1331 ms
2026-10-01T19:32:10.782+05:30  INFO 19396 --- [apixa-mapping-service] [           main] org.hibernate.orm.jpa                    : HHH008540: Processing PersistenceUnitInfo [name: default]
2026-10-01T19:32:10.852+05:30  INFO 19396 --- [apixa-mapping-service] [           main] org.hibernate.orm.core                   : HHH000001: Hibernate ORM core version 7.4.5.Final
2026-10-01T19:32:11.474+05:30  INFO 19396 --- [apixa-mapping-service] [           main] o.s.o.j.p.SpringPersistenceUnitInfo      : No LoadTimeWeaver setup: ignoring JPA class transformer
2026-10-01T19:32:11.523+05:30  INFO 19396 --- [apixa-mapping-service] [           main] com.zaxxer.hikari.HikariDataSource       : HikariPool-1 - Starting...
2026-10-01T19:32:11.652+05:30  INFO 19396 --- [apixa-mapping-service] [           main] com.zaxxer.hikari.pool.HikariPool        : HikariPool-1 - Added connection org.sqlite.jdbc4.JDBC4Connection@28b5662d
2026-10-01T19:32:11.655+05:30  INFO 19396 --- [apixa-mapping-service] [           main] com.zaxxer.hikari.HikariDataSource       : HikariPool-1 - Start completed.
2026-10-01T19:32:11.744+05:30  INFO 19396 --- [apixa-mapping-service] [           main] org.hibernate.orm.connections.pooling    : HHH10001005: Database info:
	Database JDBC URL [jdbc:sqlite:./data/mapping.db]
	Database driver: SQLite JDBC
	Database dialect: SQLiteDialect
	Database version: 3.50.3
	Default catalog/schema: undefined/undefined
	Autocommit mode: undefined/unknown
	Isolation level: SERIALIZABLE [default SERIALIZABLE]
	JDBC fetch size: none
	Pool: DataSourceConnectionProvider
	Minimum pool size: undefined/unknown
	Maximum pool size: undefined/unknown
2026-10-01T19:32:12.308+05:30  INFO 19396 --- [apixa-mapping-service] [           main] org.hibernate.orm.core                   : HHH000489: No JTA platform available (set 'hibernate.transaction.jta.platform' to enable JTA platform integration)
2026-10-01T19:32:12.358+05:30  INFO 19396 --- [apixa-mapping-service] [           main] j.LocalContainerEntityManagerFactoryBean : Initialized JPA EntityManagerFactory for persistence unit 'default'
2026-10-01T19:32:12.813+05:30  INFO 19396 --- [apixa-mapping-service] [           main] o.s.boot.tomcat.TomcatWebServer          : Tomcat started on port 8084 (http) with context path '/'
2026-10-01T19:32:12.819+05:30  INFO 19396 --- [apixa-mapping-service] [           main] c.a.mapping.MappingServiceApplication    : Started MappingServiceApplication in 4.331 seconds (process running for 4.825)
2026-10-01T19:32:30.522+05:30  INFO 19396 --- [apixa-mapping-service] [omcat-handler-0] o.a.c.c.C.[Tomcat].[localhost].[/]       : Initializing Spring DispatcherServlet 'dispatcherServlet'
2026-10-01T19:32:30.523+05:30  INFO 19396 --- [apixa-mapping-service] [omcat-handler-0] o.s.web.servlet.DispatcherServlet        : Initializing Servlet 'dispatcherServlet'
2026-10-01T19:32:30.525+05:30  INFO 19396 --- [apixa-mapping-service] [omcat-handler-0] o.s.web.servlet.DispatcherServlet        : Completed initialization in 2 ms
2026-10-01T19:32:30.704+05:30  WARN 19396 --- [apixa-mapping-service] [omcat-handler-0] o.h.v.i.m.a.CascadingMetaDataBuilder     : HV000271: Using `@Valid` on a container (java.util.List) is deprecated. You should apply the annotation on the type argument(s). Affected element: contractEndpoints
2026-10-01T19:32:30.708+05:30  WARN 19396 --- [apixa-mapping-service] [omcat-handler-0] o.h.v.i.m.a.CascadingMetaDataBuilder     : HV000271: Using `@Valid` on a container (java.util.List) is deprecated. You should apply the annotation on the type argument(s). Affected element: MapRequest#com.apixa.mapping.controller.MappingController$MapRequest(String, String, List, List)
2026-10-01T19:32:30.709+05:30  WARN 19396 --- [apixa-mapping-service] [omcat-handler-0] o.h.v.i.m.a.CascadingMetaDataBuilder     : HV000271: Using `@Valid` on a container (java.util.List) is deprecated. You should apply the annotation on the type argument(s). Affected element: MapRequest#com.apixa.mapping.controller.MappingController$MapRequest(String, String, List, List)
2026-10-01T19:32:30.710+05:30  WARN 19396 --- [apixa-mapping-service] [omcat-handler-0] o.h.v.i.m.a.CascadingMetaDataBuilder     : HV000271: Using `@Valid` on a container (java.util.List) is deprecated. You should apply the annotation on the type argument(s). Affected element: MapRequest#contractEndpoints()
2026-10-01T19:32:30.710+05:30  WARN 19396 --- [apixa-mapping-service] [omcat-handler-0] o.h.v.i.m.a.CascadingMetaDataBuilder     : HV000271: Using `@Valid` on a container (java.util.List) is deprecated. You should apply the annotation on the type argument(s). Affected element: MapRequest#implementationEndpoints()
2026-10-01T19:32:30.711+05:30  WARN 19396 --- [apixa-mapping-service] [omcat-handler-0] o.h.v.i.m.a.CascadingMetaDataBuilder     : HV000271: Using `@Valid` on a container (java.util.List) is deprecated. You should apply the annotation on the type argument(s). Affected element: implementationEndpoints
