[INFO] Scanning for projects...
[INFO] 
[INFO] ---------------< com.apixa.samples:apixa-runtime-sample >---------------
[INFO] Building APIXA Runtime Sample Target 0.0.1-SNAPSHOT
[INFO]   from pom.xml
[INFO] --------------------------------[ jar ]---------------------------------
[INFO] 
[INFO] >>> spring-boot:4.1.1:run (default-cli) > test-compile @ apixa-runtime-sample >>>
[INFO] 
[INFO] --- resources:3.5.0:resources (default-resources) @ apixa-runtime-sample ---
[INFO] Copying 1 resource from src\main\resources to target\classes
[INFO] Copying 0 resource from src\main\resources to target\classes
[INFO] 
[INFO] --- compiler:3.15.0:compile (default-compile) @ apixa-runtime-sample ---
[INFO] Nothing to compile - all classes are up to date.
[INFO] 
[INFO] --- resources:3.5.0:testResources (default-testResources) @ apixa-runtime-sample ---
[INFO] skip non existing resourceDirectory C:\Codes\APIXA\security-contract-analyzer\samples\runtime-sample\src\test\resources
[INFO] 
[INFO] --- compiler:3.15.0:testCompile (default-testCompile) @ apixa-runtime-sample ---
[INFO] No sources to compile
[INFO] 
[INFO] <<< spring-boot:4.1.1:run (default-cli) < test-compile @ apixa-runtime-sample <<<
[INFO] 
[INFO] 
[INFO] --- spring-boot:4.1.1:run (default-cli) @ apixa-runtime-sample ---
[INFO] Attaching agents: []

  .   ____          _            __ _ _
 /\\ / ___'_ __ _ _(_)_ __  __ _ \ \ \ \
( ( )\___ | '_ | '_| | '_ \/ _` | \ \ \ \
 \\/  ___)| |_)| | | | | || (_| |  ) ) ) )
  '  |____| .__|_| |_|_| |_\__, | / / / /
 =========|_|==============|___/=/_/_/_/

 :: Spring Boot ::                (v4.1.1)

2026-10-01T20:27:02.269+05:30  INFO 5612 --- [apixa-runtime-sample] [           main] c.a.s.runtime.RuntimeSampleApplication   : Starting RuntimeSampleApplication using Java 21.0.1 with PID 5612 (C:\Codes\APIXA\security-contract-analyzer\samples\runtime-sample\target\classes started by shivs in C:\Codes\APIXA\security-contract-analyzer\samples\runtime-sample)
2026-10-01T20:27:02.272+05:30  INFO 5612 --- [apixa-runtime-sample] [           main] c.a.s.runtime.RuntimeSampleApplication   : No active profile set, falling back to 1 default profile: "default"
2026-10-01T20:27:02.917+05:30  INFO 5612 --- [apixa-runtime-sample] [           main] o.s.boot.tomcat.TomcatWebServer          : Tomcat initialized with port 9090 (http)
2026-10-01T20:27:02.931+05:30  INFO 5612 --- [apixa-runtime-sample] [           main] o.apache.catalina.core.StandardService   : Starting service [Tomcat]
2026-10-01T20:27:02.932+05:30  INFO 5612 --- [apixa-runtime-sample] [           main] o.apache.catalina.core.StandardEngine    : Starting Servlet engine: [Apache Tomcat/11.0.24]
2026-10-01T20:27:02.981+05:30  INFO 5612 --- [apixa-runtime-sample] [           main] b.w.c.s.WebApplicationContextInitializer : Root WebApplicationContext: initialization completed in 674 ms
2026-10-01T20:27:03.245+05:30  INFO 5612 --- [apixa-runtime-sample] [           main] r$InitializeUserDetailsManagerConfigurer : Global AuthenticationManager configured with UserDetailsService bean with name users
2026-10-01T20:27:03.530+05:30  INFO 5612 --- [apixa-runtime-sample] [           main] o.s.boot.tomcat.TomcatWebServer          : Tomcat started on port 9090 (http) with context path '/'
2026-10-01T20:27:03.533+05:30  INFO 5612 --- [apixa-runtime-sample] [           main] c.a.s.runtime.RuntimeSampleApplication   : Started RuntimeSampleApplication in 1.617 seconds (process running for 1.912)
2026-10-01T20:27:54.470+05:30  INFO 5612 --- [apixa-runtime-sample] [nio-9090-exec-1] o.a.c.c.C.[Tomcat].[localhost].[/]       : Initializing Spring DispatcherServlet 'dispatcherServlet'
2026-10-01T20:27:54.471+05:30  INFO 5612 --- [apixa-runtime-sample] [nio-9090-exec-1] o.s.web.servlet.DispatcherServlet        : Initializing Servlet 'dispatcherServlet'
2026-10-01T20:27:54.472+05:30  INFO 5612 --- [apixa-runtime-sample] [nio-9090-exec-1] o.s.web.servlet.DispatcherServlet        : Completed initialization in 1 ms
2026-10-01T20:28:17.683+05:30  WARN 5612 --- [apixa-runtime-sample] [nio-9090-exec-6] .w.s.m.s.DefaultHandlerExceptionResolver : Resolved [org.springframework.web.HttpRequestMethodNotSupportedException: Request method 'POST' is not supported]
