
  .   ____          _            __ _ _
 /\\ / ___'_ __ _ _(_)_ __  __ _ \ \ \ \
( ( )\___ | '_ | '_| | '_ \/ _` | \ \ \ \
 \\/  ___)| |_)| | | | | || (_| |  ) ) ) )
  '  |____| .__|_| |_|_| |_\__, | / / / /
 =========|_|==============|___/=/_/_/_/

 :: Spring Boot ::                (v4.1.1)

2026-10-03T08:10:54.594+05:30  INFO 21112 --- [apixa-source-analysis-service] [           main] c.a.s.SourceAnalysisServiceApplication   : Starting SourceAnalysisServiceApplication v0.0.1-SNAPSHOT using Java 21.0.1 with PID 21112 (C:\Codes\APIXA\security-contract-analyzer\apixa-source-analysis-service\target\apixa-source-analysis-service-0.0.1-SNAPSHOT.jar started by shivs in C:\Codes\APIXA\security-contract-analyzer\apixa-source-analysis-service)
2026-10-03T08:10:54.613+05:30  INFO 21112 --- [apixa-source-analysis-service] [           main] c.a.s.SourceAnalysisServiceApplication   : No active profile set, falling back to 1 default profile: "default"
2026-10-03T08:10:56.274+05:30  INFO 21112 --- [apixa-source-analysis-service] [           main] .s.d.r.c.RepositoryConfigurationDelegate : Bootstrapping Spring Data JPA repositories in DEFAULT mode.
2026-10-03T08:10:56.314+05:30  INFO 21112 --- [apixa-source-analysis-service] [           main] .s.d.r.c.RepositoryConfigurationDelegate : Finished Spring Data repository scanning in 20 ms. Found 0 JPA repository interfaces.
2026-10-03T08:10:57.215+05:30  INFO 21112 --- [apixa-source-analysis-service] [           main] o.s.boot.tomcat.TomcatWebServer          : Tomcat initialized with port 8083 (http)
2026-10-03T08:10:57.264+05:30  INFO 21112 --- [apixa-source-analysis-service] [           main] o.apache.catalina.core.StandardService   : Starting service [Tomcat]
2026-10-03T08:10:57.265+05:30  INFO 21112 --- [apixa-source-analysis-service] [           main] o.apache.catalina.core.StandardEngine    : Starting Servlet engine: [Apache Tomcat/11.0.24]
2026-10-03T08:10:57.344+05:30  INFO 21112 --- [apixa-source-analysis-service] [           main] b.w.c.s.WebApplicationContextInitializer : Root WebApplicationContext: initialization completed in 2627 ms
2026-10-03T08:10:57.705+05:30  INFO 21112 --- [apixa-source-analysis-service] [           main] org.hibernate.orm.jpa                    : HHH008540: Processing PersistenceUnitInfo [name: default]
2026-10-03T08:10:57.950+05:30  INFO 21112 --- [apixa-source-analysis-service] [           main] org.hibernate.orm.core                   : HHH000001: Hibernate ORM core version 7.4.5.Final
2026-10-03T08:10:59.056+05:30  INFO 21112 --- [apixa-source-analysis-service] [           main] o.s.o.j.p.SpringPersistenceUnitInfo      : No LoadTimeWeaver setup: ignoring JPA class transformer
2026-10-03T08:10:59.129+05:30  INFO 21112 --- [apixa-source-analysis-service] [           main] com.zaxxer.hikari.HikariDataSource       : HikariPool-1 - Starting...
2026-10-03T08:10:59.292+05:30  INFO 21112 --- [apixa-source-analysis-service] [           main] com.zaxxer.hikari.pool.HikariPool        : HikariPool-1 - Added connection org.sqlite.jdbc4.JDBC4Connection@789dd6bf
2026-10-03T08:10:59.294+05:30  INFO 21112 --- [apixa-source-analysis-service] [           main] com.zaxxer.hikari.HikariDataSource       : HikariPool-1 - Start completed.
2026-10-03T08:10:59.359+05:30  INFO 21112 --- [apixa-source-analysis-service] [           main] org.hibernate.orm.connections.pooling    : HHH10001005: Database info:
	Database JDBC URL [jdbc:sqlite:./data/source-analysis.db]
	Database driver: SQLite JDBC
	Database dialect: SQLiteDialect
	Database version: 3.50.3
	Default catalog/schema: undefined/undefined
	Autocommit mode: undefined/unknown
	Isolation level: SERIALIZABLE [default SERIALIZABLE]
	JDBC fetch size: none
	Pool: DataSourceConnectionProvider
	Minimum pool size: undefined/unknown
	Maximum pool size: undefined/unknown
2026-10-03T08:11:00.035+05:30  INFO 21112 --- [apixa-source-analysis-service] [           main] org.hibernate.orm.core                   : HHH000489: No JTA platform available (set 'hibernate.transaction.jta.platform' to enable JTA platform integration)
2026-10-03T08:11:00.091+05:30  INFO 21112 --- [apixa-source-analysis-service] [           main] j.LocalContainerEntityManagerFactoryBean : Initialized JPA EntityManagerFactory for persistence unit 'default'
2026-10-03T08:11:00.655+05:30  INFO 21112 --- [apixa-source-analysis-service] [           main] o.s.boot.tomcat.TomcatWebServer          : Tomcat started on port 8083 (http) with context path '/'
2026-10-03T08:11:00.672+05:30  INFO 21112 --- [apixa-source-analysis-service] [           main] c.a.s.SourceAnalysisServiceApplication   : Started SourceAnalysisServiceApplication in 6.902 seconds (process running for 7.801)
2026-10-03T08:11:44.812+05:30  INFO 21112 --- [apixa-source-analysis-service] [omcat-handler-0] o.a.c.c.C.[Tomcat].[localhost].[/]       : Initializing Spring DispatcherServlet 'dispatcherServlet'
2026-10-03T08:11:44.813+05:30  INFO 21112 --- [apixa-source-analysis-service] [omcat-handler-0] o.s.web.servlet.DispatcherServlet        : Initializing Servlet 'dispatcherServlet'
2026-10-03T08:11:44.815+05:30  INFO 21112 --- [apixa-source-analysis-service] [omcat-handler-0] o.s.web.servlet.DispatcherServlet        : Completed initialization in 1 ms
