
  .   ____          _            __ _ _
 /\\ / ___'_ __ _ _(_)_ __  __ _ \ \ \ \
( ( )\___ | '_ | '_| | '_ \/ _` | \ \ \ \
 \\/  ___)| |_)| | | | | || (_| |  ) ) ) )
  '  |____| .__|_| |_|_| |_\__, | / / / /
 =========|_|==============|___/=/_/_/_/

 :: Spring Boot ::                (v4.1.1)

2026-10-02T23:02:52.149+05:30  INFO 16056 --- [apixa-benchmark-service] [           main] c.a.b.BenchmarkServiceApplication        : Starting BenchmarkServiceApplication v0.0.1-SNAPSHOT using Java 21.0.1 with PID 16056 (C:\Codes\APIXA\security-contract-analyzer\apixa-benchmark-service\target\apixa-benchmark-service-0.0.1-SNAPSHOT.jar started by shivs in C:\Codes\APIXA\security-contract-analyzer\apixa-benchmark-service)
2026-10-02T23:02:52.152+05:30  INFO 16056 --- [apixa-benchmark-service] [           main] c.a.b.BenchmarkServiceApplication        : No active profile set, falling back to 1 default profile: "default"
2026-10-02T23:02:52.820+05:30  INFO 16056 --- [apixa-benchmark-service] [           main] .s.d.r.c.RepositoryConfigurationDelegate : Bootstrapping Spring Data JPA repositories in DEFAULT mode.
2026-10-02T23:02:52.840+05:30  INFO 16056 --- [apixa-benchmark-service] [           main] .s.d.r.c.RepositoryConfigurationDelegate : Finished Spring Data repository scanning in 10 ms. Found 0 JPA repository interfaces.
2026-10-02T23:02:53.395+05:30  INFO 16056 --- [apixa-benchmark-service] [           main] o.s.boot.tomcat.TomcatWebServer          : Tomcat initialized with port 8089 (http)
2026-10-02T23:02:53.412+05:30  INFO 16056 --- [apixa-benchmark-service] [           main] o.apache.catalina.core.StandardService   : Starting service [Tomcat]
2026-10-02T23:02:53.413+05:30  INFO 16056 --- [apixa-benchmark-service] [           main] o.apache.catalina.core.StandardEngine    : Starting Servlet engine: [Apache Tomcat/11.0.24]
2026-10-02T23:02:53.440+05:30  INFO 16056 --- [apixa-benchmark-service] [           main] b.w.c.s.WebApplicationContextInitializer : Root WebApplicationContext: initialization completed in 1233 ms
2026-10-02T23:02:53.681+05:30  INFO 16056 --- [apixa-benchmark-service] [           main] org.hibernate.orm.jpa                    : HHH008540: Processing PersistenceUnitInfo [name: default]
2026-10-02T23:02:53.782+05:30  INFO 16056 --- [apixa-benchmark-service] [           main] org.hibernate.orm.core                   : HHH000001: Hibernate ORM core version 7.4.5.Final
2026-10-02T23:02:54.423+05:30  INFO 16056 --- [apixa-benchmark-service] [           main] o.s.o.j.p.SpringPersistenceUnitInfo      : No LoadTimeWeaver setup: ignoring JPA class transformer
2026-10-02T23:02:54.480+05:30  INFO 16056 --- [apixa-benchmark-service] [           main] com.zaxxer.hikari.HikariDataSource       : HikariPool-1 - Starting...
2026-10-02T23:02:54.659+05:30  INFO 16056 --- [apixa-benchmark-service] [           main] com.zaxxer.hikari.pool.HikariPool        : HikariPool-1 - Added connection org.sqlite.jdbc4.JDBC4Connection@4ab455e2
2026-10-02T23:02:54.663+05:30  INFO 16056 --- [apixa-benchmark-service] [           main] com.zaxxer.hikari.HikariDataSource       : HikariPool-1 - Start completed.
2026-10-02T23:02:54.711+05:30  INFO 16056 --- [apixa-benchmark-service] [           main] org.hibernate.orm.connections.pooling    : HHH10001005: Database info:
	Database JDBC URL [jdbc:sqlite:./data/benchmark.db]
	Database driver: SQLite JDBC
	Database dialect: SQLiteDialect
	Database version: 3.50.3
	Default catalog/schema: undefined/undefined
	Autocommit mode: undefined/unknown
	Isolation level: SERIALIZABLE [default SERIALIZABLE]
	JDBC fetch size: none
	Pool: DataSourceConnectionProvider
	Minimum pool size: undefined/unknown
	Maximum pool size: undefined/unknown
2026-10-02T23:02:55.161+05:30  INFO 16056 --- [apixa-benchmark-service] [           main] org.hibernate.orm.core                   : HHH000489: No JTA platform available (set 'hibernate.transaction.jta.platform' to enable JTA platform integration)
2026-10-02T23:02:55.206+05:30  INFO 16056 --- [apixa-benchmark-service] [           main] j.LocalContainerEntityManagerFactoryBean : Initialized JPA EntityManagerFactory for persistence unit 'default'
2026-10-02T23:02:56.078+05:30  INFO 16056 --- [apixa-benchmark-service] [           main] o.s.boot.tomcat.TomcatWebServer          : Tomcat started on port 8089 (http) with context path '/'
2026-10-02T23:02:56.103+05:30  INFO 16056 --- [apixa-benchmark-service] [           main] c.a.b.BenchmarkServiceApplication        : Started BenchmarkServiceApplication in 4.429 seconds (process running for 4.903)
2026-10-02T23:03:26.245+05:30  INFO 16056 --- [apixa-benchmark-service] [omcat-handler-0] o.a.c.c.C.[Tomcat].[localhost].[/]       : Initializing Spring DispatcherServlet 'dispatcherServlet'
2026-10-02T23:03:26.245+05:30  INFO 16056 --- [apixa-benchmark-service] [omcat-handler-0] o.s.web.servlet.DispatcherServlet        : Initializing Servlet 'dispatcherServlet'
2026-10-02T23:03:26.248+05:30  INFO 16056 --- [apixa-benchmark-service] [omcat-handler-0] o.s.web.servlet.DispatcherServlet        : Completed initialization in 1 ms
