
  .   ____          _            __ _ _
 /\\ / ___'_ __ _ _(_)_ __  __ _ \ \ \ \
( ( )\___ | '_ | '_| | '_ \/ _` | \ \ \ \
 \\/  ___)| |_)| | | | | || (_| |  ) ) ) )
  '  |____| .__|_| |_|_| |_\__, | / / / /
 =========|_|==============|___/=/_/_/_/

 :: Spring Boot ::                (v4.1.1)

2026-10-02T20:30:26.499+05:30  INFO 20760 --- [apixa-impact-service] [           main] c.apixa.impact.ImpactServiceApplication  : Starting ImpactServiceApplication v0.0.1-SNAPSHOT using Java 21.0.1 with PID 20760 (C:\Codes\APIXA\security-contract-analyzer\apixa-impact-service\target\apixa-impact-service-0.0.1-SNAPSHOT.jar started by shivs in C:\Codes\APIXA\security-contract-analyzer\apixa-impact-service)
2026-10-02T20:30:26.543+05:30  INFO 20760 --- [apixa-impact-service] [           main] c.apixa.impact.ImpactServiceApplication  : No active profile set, falling back to 1 default profile: "default"
2026-10-02T20:30:33.369+05:30  INFO 20760 --- [apixa-impact-service] [           main] .s.d.r.c.RepositoryConfigurationDelegate : Bootstrapping Spring Data JPA repositories in DEFAULT mode.
2026-10-02T20:30:33.520+05:30  INFO 20760 --- [apixa-impact-service] [           main] .s.d.r.c.RepositoryConfigurationDelegate : Finished Spring Data repository scanning in 64 ms. Found 0 JPA repository interfaces.
2026-10-02T20:30:43.739+05:30  INFO 20760 --- [apixa-impact-service] [           main] o.s.boot.tomcat.TomcatWebServer          : Tomcat initialized with port 8088 (http)
2026-10-02T20:30:43.843+05:30  INFO 20760 --- [apixa-impact-service] [           main] o.apache.catalina.core.StandardService   : Starting service [Tomcat]
2026-10-02T20:30:43.844+05:30  INFO 20760 --- [apixa-impact-service] [           main] o.apache.catalina.core.StandardEngine    : Starting Servlet engine: [Apache Tomcat/11.0.24]
2026-10-02T20:30:44.012+05:30  INFO 20760 --- [apixa-impact-service] [           main] b.w.c.s.WebApplicationContextInitializer : Root WebApplicationContext: initialization completed in 16925 ms
2026-10-02T20:30:45.595+05:30  INFO 20760 --- [apixa-impact-service] [           main] org.hibernate.orm.jpa                    : HHH008540: Processing PersistenceUnitInfo [name: default]
2026-10-02T20:30:46.316+05:30  INFO 20760 --- [apixa-impact-service] [           main] org.hibernate.orm.core                   : HHH000001: Hibernate ORM core version 7.4.5.Final
2026-10-02T20:30:50.651+05:30  INFO 20760 --- [apixa-impact-service] [           main] o.s.o.j.p.SpringPersistenceUnitInfo      : No LoadTimeWeaver setup: ignoring JPA class transformer
2026-10-02T20:30:50.945+05:30  INFO 20760 --- [apixa-impact-service] [           main] com.zaxxer.hikari.HikariDataSource       : HikariPool-1 - Starting...
2026-10-02T20:30:51.718+05:30  INFO 20760 --- [apixa-impact-service] [           main] com.zaxxer.hikari.pool.HikariPool        : HikariPool-1 - Added connection org.sqlite.jdbc4.JDBC4Connection@18bb1b88
2026-10-02T20:30:51.745+05:30  INFO 20760 --- [apixa-impact-service] [           main] com.zaxxer.hikari.HikariDataSource       : HikariPool-1 - Start completed.
2026-10-02T20:30:52.069+05:30  INFO 20760 --- [apixa-impact-service] [           main] org.hibernate.orm.connections.pooling    : HHH10001005: Database info:
	Database JDBC URL [jdbc:sqlite:./data/impact.db]
	Database driver: SQLite JDBC
	Database dialect: SQLiteDialect
	Database version: 3.50.3
	Default catalog/schema: undefined/undefined
	Autocommit mode: undefined/unknown
	Isolation level: SERIALIZABLE [default SERIALIZABLE]
	JDBC fetch size: none
	Pool: DataSourceConnectionProvider
	Minimum pool size: undefined/unknown
	Maximum pool size: undefined/unknown
2026-10-02T20:30:53.901+05:30  INFO 20760 --- [apixa-impact-service] [           main] org.hibernate.orm.core                   : HHH000489: No JTA platform available (set 'hibernate.transaction.jta.platform' to enable JTA platform integration)
2026-10-02T20:30:54.110+05:30  INFO 20760 --- [apixa-impact-service] [           main] j.LocalContainerEntityManagerFactoryBean : Initialized JPA EntityManagerFactory for persistence unit 'default'
2026-10-02T20:30:56.379+05:30  INFO 20760 --- [apixa-impact-service] [           main] o.s.boot.tomcat.TomcatWebServer          : Tomcat started on port 8088 (http) with context path '/'
2026-10-02T20:30:56.469+05:30  INFO 20760 --- [apixa-impact-service] [           main] c.apixa.impact.ImpactServiceApplication  : Started ImpactServiceApplication in 38.372 seconds (process running for 41.931)
2026-10-02T20:40:00.405+05:30  INFO 20760 --- [apixa-impact-service] [omcat-handler-0] o.a.c.c.C.[Tomcat].[localhost].[/]       : Initializing Spring DispatcherServlet 'dispatcherServlet'
2026-10-02T20:40:00.422+05:30  INFO 20760 --- [apixa-impact-service] [omcat-handler-0] o.s.web.servlet.DispatcherServlet        : Initializing Servlet 'dispatcherServlet'
2026-10-02T20:40:00.531+05:30  INFO 20760 --- [apixa-impact-service] [omcat-handler-0] o.s.web.servlet.DispatcherServlet        : Completed initialization in 105 ms
2026-10-02T21:23:26.766+05:30  WARN 20760 --- [apixa-impact-service] [l-1:housekeeper] com.zaxxer.hikari.pool.HikariPool        : HikariPool-1 - Thread starvation or clock leap detected (housekeeper delta=29m54s70ms883µs200ns).
2026-10-02T22:51:45.362+05:30  WARN 20760 --- [apixa-impact-service] [l-1:housekeeper] com.zaxxer.hikari.pool.HikariPool        : HikariPool-1 - Thread starvation or clock leap detected (housekeeper delta=1h28m20s203ms909µs300ns).
