
  .   ____          _            __ _ _
 /\\ / ___'_ __ _ _(_)_ __  __ _ \ \ \ \
( ( )\___ | '_ | '_| | '_ \/ _` | \ \ \ \
 \\/  ___)| |_)| | | | | || (_| |  ) ) ) )
  '  |____| .__|_| |_|_| |_\__, | / / / /
 =========|_|==============|___/=/_/_/_/

 :: Spring Boot ::                (v4.1.1)

2026-10-03T08:06:25.412+05:30  INFO 10424 --- [apixa-contract-service] [           main] c.a.contract.ContractServiceApplication  : Starting ContractServiceApplication v0.0.1-SNAPSHOT using Java 21.0.1 with PID 10424 (C:\Codes\APIXA\security-contract-analyzer\apixa-contract-service\target\apixa-contract-service-0.0.1-SNAPSHOT.jar started by shivs in C:\Codes\APIXA\security-contract-analyzer\apixa-contract-service)
2026-10-03T08:06:25.416+05:30  INFO 10424 --- [apixa-contract-service] [           main] c.a.contract.ContractServiceApplication  : No active profile set, falling back to 1 default profile: "default"
2026-10-03T08:06:26.393+05:30  INFO 10424 --- [apixa-contract-service] [           main] .s.d.r.c.RepositoryConfigurationDelegate : Bootstrapping Spring Data JPA repositories in DEFAULT mode.
2026-10-03T08:06:26.421+05:30  INFO 10424 --- [apixa-contract-service] [           main] .s.d.r.c.RepositoryConfigurationDelegate : Finished Spring Data repository scanning in 16 ms. Found 0 JPA repository interfaces.
2026-10-03T08:06:27.021+05:30  INFO 10424 --- [apixa-contract-service] [           main] o.s.boot.tomcat.TomcatWebServer          : Tomcat initialized with port 8082 (http)
2026-10-03T08:06:27.044+05:30  INFO 10424 --- [apixa-contract-service] [           main] o.apache.catalina.core.StandardService   : Starting service [Tomcat]
2026-10-03T08:06:27.044+05:30  INFO 10424 --- [apixa-contract-service] [           main] o.apache.catalina.core.StandardEngine    : Starting Servlet engine: [Apache Tomcat/11.0.24]
2026-10-03T08:06:27.089+05:30  INFO 10424 --- [apixa-contract-service] [           main] b.w.c.s.WebApplicationContextInitializer : Root WebApplicationContext: initialization completed in 1604 ms
2026-10-03T08:06:27.395+05:30  INFO 10424 --- [apixa-contract-service] [           main] org.hibernate.orm.jpa                    : HHH008540: Processing PersistenceUnitInfo [name: default]
2026-10-03T08:06:27.544+05:30  INFO 10424 --- [apixa-contract-service] [           main] org.hibernate.orm.core                   : HHH000001: Hibernate ORM core version 7.4.5.Final
2026-10-03T08:06:28.394+05:30  INFO 10424 --- [apixa-contract-service] [           main] o.s.o.j.p.SpringPersistenceUnitInfo      : No LoadTimeWeaver setup: ignoring JPA class transformer
2026-10-03T08:06:28.457+05:30  INFO 10424 --- [apixa-contract-service] [           main] com.zaxxer.hikari.HikariDataSource       : HikariPool-1 - Starting...
2026-10-03T08:06:28.646+05:30  INFO 10424 --- [apixa-contract-service] [           main] com.zaxxer.hikari.pool.HikariPool        : HikariPool-1 - Added connection org.sqlite.jdbc4.JDBC4Connection@47797401
2026-10-03T08:06:28.651+05:30  INFO 10424 --- [apixa-contract-service] [           main] com.zaxxer.hikari.HikariDataSource       : HikariPool-1 - Start completed.
2026-10-03T08:06:28.729+05:30  INFO 10424 --- [apixa-contract-service] [           main] org.hibernate.orm.connections.pooling    : HHH10001005: Database info:
	Database JDBC URL [jdbc:sqlite:./data/contract.db]
	Database driver: SQLite JDBC
	Database dialect: SQLiteDialect
	Database version: 3.50.3
	Default catalog/schema: undefined/undefined
	Autocommit mode: undefined/unknown
	Isolation level: SERIALIZABLE [default SERIALIZABLE]
	JDBC fetch size: none
	Pool: DataSourceConnectionProvider
	Minimum pool size: undefined/unknown
	Maximum pool size: undefined/unknown
2026-10-03T08:06:29.226+05:30  INFO 10424 --- [apixa-contract-service] [           main] org.hibernate.orm.core                   : HHH000489: No JTA platform available (set 'hibernate.transaction.jta.platform' to enable JTA platform integration)
2026-10-03T08:06:29.283+05:30  INFO 10424 --- [apixa-contract-service] [           main] j.LocalContainerEntityManagerFactoryBean : Initialized JPA EntityManagerFactory for persistence unit 'default'
2026-10-03T08:06:30.032+05:30  INFO 10424 --- [apixa-contract-service] [           main] o.s.boot.tomcat.TomcatWebServer          : Tomcat started on port 8082 (http) with context path '/'
2026-10-03T08:06:30.052+05:30  INFO 10424 --- [apixa-contract-service] [           main] c.a.contract.ContractServiceApplication  : Started ContractServiceApplication in 5.256 seconds (process running for 5.84)
2026-10-03T08:08:49.199+05:30  INFO 10424 --- [apixa-contract-service] [omcat-handler-0] o.a.c.c.C.[Tomcat].[localhost].[/]       : Initializing Spring DispatcherServlet 'dispatcherServlet'
2026-10-03T08:08:49.200+05:30  INFO 10424 --- [apixa-contract-service] [omcat-handler-0] o.s.web.servlet.DispatcherServlet        : Initializing Servlet 'dispatcherServlet'
2026-10-03T08:08:49.205+05:30  INFO 10424 --- [apixa-contract-service] [omcat-handler-0] o.s.web.servlet.DispatcherServlet        : Completed initialization in 4 ms
2026-10-03T08:09:00.171+05:30  INFO 10424 --- [apixa-contract-service] [omcat-handler-3] c.a.contract.service.ContractService     : Imported OpenAPI document id=b8f3310f-5609-461b-a2c0-284a68e13ee5 file=valid-openapi.yaml format=YAML openapiVersion=3.0.3 sizeBytes=208
2026-10-03T08:10:06.949+05:30  INFO 10424 --- [apixa-contract-service] [omcat-handler-5] c.a.contract.service.ContractService     : Imported OpenAPI document id=2e6ea4c8-ba46-4633-8cda-369871f61c82 file=valid-openapi.yaml format=YAML openapiVersion=3.0.3 sizeBytes=208
2026-10-03T08:10:15.902+05:30  INFO 10424 --- [apixa-contract-service] [omcat-handler-6] c.a.contract.service.ContractService     : Extracted contract id=2e6ea4c8-ba46-4633-8cda-369871f61c82 file=valid-openapi.yaml endpoints=1 securitySchemes=0
2026-10-03T08:10:16.007+05:30  INFO 10424 --- [apixa-contract-service] [omcat-handler-7] c.a.contract.service.ContractService     : Extracted contract id=2e6ea4c8-ba46-4633-8cda-369871f61c82 file=valid-openapi.yaml endpoints=1 securitySchemes=0
2026-10-03T08:27:10.516+05:30  INFO 10424 --- [apixa-contract-service] [mcat-handler-12] c.a.contract.service.ContractService     : Imported OpenAPI document id=683cadc9-f221-4959-865c-e40f9016cb5c file=valid-openapi.yaml format=YAML openapiVersion=3.0.3 sizeBytes=208
2026-10-03T08:27:51.544+05:30  INFO 10424 --- [apixa-contract-service] [mcat-handler-13] c.a.contract.service.ContractService     : Extracted contract id=683cadc9-f221-4959-865c-e40f9016cb5c file=valid-openapi.yaml endpoints=1 securitySchemes=0
2026-10-03T08:38:18.148+05:30 ERROR 10424 --- [apixa-contract-service] [mcat-handler-15] c.a.common.error.GlobalExceptionHandler  : Unhandled exception on POST /api/contracts/import

org.springframework.web.HttpMediaTypeNotSupportedException: Content-Type 'application/json' is not supported
	at org.springframework.web.servlet.mvc.method.RequestMappingInfoHandlerMapping.handleNoMatch(RequestMappingInfoHandlerMapping.java:275) ~[spring-webmvc-7.0.9.jar!/:7.0.9]
	at org.springframework.web.servlet.handler.AbstractHandlerMethodMapping.lookupHandlerMethod(AbstractHandlerMethodMapping.java:432) ~[spring-webmvc-7.0.9.jar!/:7.0.9]
	at org.springframework.web.servlet.handler.AbstractHandlerMethodMapping.getHandlerInternal(AbstractHandlerMethodMapping.java:376) ~[spring-webmvc-7.0.9.jar!/:7.0.9]
	at org.springframework.web.servlet.mvc.method.RequestMappingInfoHandlerMapping.getHandlerInternal(RequestMappingInfoHandlerMapping.java:116) ~[spring-webmvc-7.0.9.jar!/:7.0.9]
	at org.springframework.web.servlet.mvc.method.RequestMappingInfoHandlerMapping.getHandlerInternal(RequestMappingInfoHandlerMapping.java:68) ~[spring-webmvc-7.0.9.jar!/:7.0.9]
	at org.springframework.web.servlet.handler.AbstractHandlerMapping.getHandler(AbstractHandlerMapping.java:544) ~[spring-webmvc-7.0.9.jar!/:7.0.9]
	at org.springframework.web.servlet.DispatcherServlet.getHandler(DispatcherServlet.java:1157) ~[spring-webmvc-7.0.9.jar!/:7.0.9]
	at org.springframework.web.servlet.DispatcherServlet.doDispatch(DispatcherServlet.java:951) ~[spring-webmvc-7.0.9.jar!/:7.0.9]
	at org.springframework.web.servlet.DispatcherServlet.doService(DispatcherServlet.java:866) ~[spring-webmvc-7.0.9.jar!/:7.0.9]
	at org.springframework.web.servlet.FrameworkServlet.processRequest(FrameworkServlet.java:1000) ~[spring-webmvc-7.0.9.jar!/:7.0.9]
	at org.springframework.web.servlet.FrameworkServlet.doPost(FrameworkServlet.java:903) ~[spring-webmvc-7.0.9.jar!/:7.0.9]
	at jakarta.servlet.http.HttpServlet.service(HttpServlet.java:649) ~[tomcat-embed-core-11.0.24.jar!/:na]
	at org.springframework.web.servlet.FrameworkServlet.service(FrameworkServlet.java:874) ~[spring-webmvc-7.0.9.jar!/:7.0.9]
	at jakarta.servlet.http.HttpServlet.service(HttpServlet.java:710) ~[tomcat-embed-core-11.0.24.jar!/:na]
	at org.apache.catalina.core.ApplicationFilterChain.doFilter(ApplicationFilterChain.java:132) ~[tomcat-embed-core-11.0.24.jar!/:na]
	at org.apache.tomcat.websocket.server.WsFilter.doFilter(WsFilter.java:59) ~[tomcat-embed-websocket-11.0.24.jar!/:na]
	at org.apache.catalina.core.ApplicationFilterChain.doFilter(ApplicationFilterChain.java:111) ~[tomcat-embed-core-11.0.24.jar!/:na]
	at org.springframework.web.filter.RequestContextFilter.doFilterInternal(RequestContextFilter.java:100) ~[spring-web-7.0.9.jar!/:7.0.9]
	at org.springframework.web.filter.OncePerRequestFilter.doFilter(OncePerRequestFilter.java:116) ~[spring-web-7.0.9.jar!/:7.0.9]
	at org.apache.catalina.core.ApplicationFilterChain.doFilter(ApplicationFilterChain.java:111) ~[tomcat-embed-core-11.0.24.jar!/:na]
	at org.springframework.web.filter.FormContentFilter.doFilterInternal(FormContentFilter.java:93) ~[spring-web-7.0.9.jar!/:7.0.9]
	at org.springframework.web.filter.OncePerRequestFilter.doFilter(OncePerRequestFilter.java:116) ~[spring-web-7.0.9.jar!/:7.0.9]
	at org.apache.catalina.core.ApplicationFilterChain.doFilter(ApplicationFilterChain.java:111) ~[tomcat-embed-core-11.0.24.jar!/:na]
	at org.springframework.web.filter.CharacterEncodingFilter.doFilterInternal(CharacterEncodingFilter.java:199) ~[spring-web-7.0.9.jar!/:7.0.9]
	at org.springframework.web.filter.OncePerRequestFilter.doFilter(OncePerRequestFilter.java:116) ~[spring-web-7.0.9.jar!/:7.0.9]
	at org.apache.catalina.core.ApplicationFilterChain.doFilter(ApplicationFilterChain.java:111) ~[tomcat-embed-core-11.0.24.jar!/:na]
	at org.apache.catalina.core.StandardWrapperValve.invoke(StandardWrapperValve.java:165) ~[tomcat-embed-core-11.0.24.jar!/:na]
	at org.apache.catalina.core.StandardContextValve.invoke(StandardContextValve.java:77) ~[tomcat-embed-core-11.0.24.jar!/:na]
	at org.apache.catalina.authenticator.AuthenticatorBase.invoke(AuthenticatorBase.java:535) ~[tomcat-embed-core-11.0.24.jar!/:na]
	at org.apache.catalina.core.StandardHostValve.invoke(StandardHostValve.java:115) ~[tomcat-embed-core-11.0.24.jar!/:na]
	at org.apache.catalina.valves.ErrorReportValve.invoke(ErrorReportValve.java:86) ~[tomcat-embed-core-11.0.24.jar!/:na]
	at org.apache.catalina.core.StandardEngineValve.invoke(StandardEngineValve.java:71) ~[tomcat-embed-core-11.0.24.jar!/:na]
	at org.apache.catalina.connector.CoyoteAdapter.service(CoyoteAdapter.java:347) ~[tomcat-embed-core-11.0.24.jar!/:na]
	at org.apache.coyote.http11.Http11Processor.service(Http11Processor.java:406) ~[tomcat-embed-core-11.0.24.jar!/:na]
	at org.apache.coyote.AbstractProcessorLight.process(AbstractProcessorLight.java:71) ~[tomcat-embed-core-11.0.24.jar!/:na]
	at org.apache.coyote.AbstractProtocol$ConnectionHandler.process(AbstractProtocol.java:1307) ~[tomcat-embed-core-11.0.24.jar!/:na]
	at org.apache.tomcat.util.net.NioEndpoint$SocketProcessor.doRun(NioEndpoint.java:2036) ~[tomcat-embed-core-11.0.24.jar!/:na]
	at org.apache.tomcat.util.net.SocketProcessorBase.run(SocketProcessorBase.java:74) ~[tomcat-embed-core-11.0.24.jar!/:na]
	at java.base/java.lang.VirtualThread.run(VirtualThread.java:309) ~[na:na]

2026-10-03T08:38:36.325+05:30  INFO 10424 --- [apixa-contract-service] [mcat-handler-16] c.a.contract.service.ContractService     : Imported OpenAPI document id=24903bb5-45d9-41f3-860f-ace6d14db1a5 file=valid-openapi.yaml format=YAML openapiVersion=3.0.3 sizeBytes=208
