
  .   ____          _            __ _ _
 /\\ / ___'_ __ _ _(_)_ __  __ _ \ \ \ \
( ( )\___ | '_ | '_| | '_ \/ _` | \ \ \ \
 \\/  ___)| |_)| | | | | || (_| |  ) ) ) )
  '  |____| .__|_| |_|_| |_\__, | / / / /
 =========|_|==============|___/=/_/_/_/

 :: Spring Boot ::                (v4.1.1)

2026-10-02T20:30:26.431+05:30  INFO 17164 --- [apixa-conformance-service] [           main] c.a.c.ConformanceServiceApplication      : Starting ConformanceServiceApplication v0.0.1-SNAPSHOT using Java 21.0.1 with PID 17164 (C:\Codes\APIXA\security-contract-analyzer\apixa-conformance-service\target\apixa-conformance-service-0.0.1-SNAPSHOT.jar started by shivs in C:\Codes\APIXA\security-contract-analyzer\apixa-conformance-service)
2026-10-02T20:30:26.463+05:30  INFO 17164 --- [apixa-conformance-service] [           main] c.a.c.ConformanceServiceApplication      : No active profile set, falling back to 1 default profile: "default"
2026-10-02T20:30:33.155+05:30  INFO 17164 --- [apixa-conformance-service] [           main] .s.d.r.c.RepositoryConfigurationDelegate : Bootstrapping Spring Data JPA repositories in DEFAULT mode.
2026-10-02T20:30:33.376+05:30  INFO 17164 --- [apixa-conformance-service] [           main] .s.d.r.c.RepositoryConfigurationDelegate : Finished Spring Data repository scanning in 101 ms. Found 0 JPA repository interfaces.
2026-10-02T20:30:43.723+05:30  INFO 17164 --- [apixa-conformance-service] [           main] o.s.boot.tomcat.TomcatWebServer          : Tomcat initialized with port 8085 (http)
2026-10-02T20:30:43.813+05:30  INFO 17164 --- [apixa-conformance-service] [           main] o.apache.catalina.core.StandardService   : Starting service [Tomcat]
2026-10-02T20:30:43.815+05:30  INFO 17164 --- [apixa-conformance-service] [           main] o.apache.catalina.core.StandardEngine    : Starting Servlet engine: [Apache Tomcat/11.0.24]
2026-10-02T20:30:44.000+05:30  INFO 17164 --- [apixa-conformance-service] [           main] b.w.c.s.WebApplicationContextInitializer : Root WebApplicationContext: initialization completed in 16895 ms
2026-10-02T20:30:47.339+05:30  INFO 17164 --- [apixa-conformance-service] [           main] org.hibernate.orm.jpa                    : HHH008540: Processing PersistenceUnitInfo [name: default]
2026-10-02T20:30:48.096+05:30  INFO 17164 --- [apixa-conformance-service] [           main] org.hibernate.orm.core                   : HHH000001: Hibernate ORM core version 7.4.5.Final
2026-10-02T20:30:51.997+05:30  INFO 17164 --- [apixa-conformance-service] [           main] o.s.o.j.p.SpringPersistenceUnitInfo      : No LoadTimeWeaver setup: ignoring JPA class transformer
2026-10-02T20:30:52.241+05:30  INFO 17164 --- [apixa-conformance-service] [           main] com.zaxxer.hikari.HikariDataSource       : HikariPool-1 - Starting...
2026-10-02T20:30:52.859+05:30  INFO 17164 --- [apixa-conformance-service] [           main] com.zaxxer.hikari.pool.HikariPool        : HikariPool-1 - Added connection org.sqlite.jdbc4.JDBC4Connection@70543cae
2026-10-02T20:30:52.867+05:30  INFO 17164 --- [apixa-conformance-service] [           main] com.zaxxer.hikari.HikariDataSource       : HikariPool-1 - Start completed.
2026-10-02T20:30:53.108+05:30  INFO 17164 --- [apixa-conformance-service] [           main] org.hibernate.orm.connections.pooling    : HHH10001005: Database info:
	Database JDBC URL [jdbc:sqlite:./data/conformance.db]
	Database driver: SQLite JDBC
	Database dialect: SQLiteDialect
	Database version: 3.50.3
	Default catalog/schema: undefined/undefined
	Autocommit mode: undefined/unknown
	Isolation level: SERIALIZABLE [default SERIALIZABLE]
	JDBC fetch size: none
	Pool: DataSourceConnectionProvider
	Minimum pool size: undefined/unknown
	Maximum pool size: undefined/unknown
2026-10-02T20:30:55.026+05:30  INFO 17164 --- [apixa-conformance-service] [           main] org.hibernate.orm.core                   : HHH000489: No JTA platform available (set 'hibernate.transaction.jta.platform' to enable JTA platform integration)
2026-10-02T20:30:55.247+05:30  INFO 17164 --- [apixa-conformance-service] [           main] j.LocalContainerEntityManagerFactoryBean : Initialized JPA EntityManagerFactory for persistence unit 'default'
2026-10-02T20:30:57.557+05:30  INFO 17164 --- [apixa-conformance-service] [           main] o.s.boot.tomcat.TomcatWebServer          : Tomcat started on port 8085 (http) with context path '/'
2026-10-02T20:30:57.628+05:30  INFO 17164 --- [apixa-conformance-service] [           main] c.a.c.ConformanceServiceApplication      : Started ConformanceServiceApplication in 39.923 seconds (process running for 43.161)
2026-10-02T20:39:53.349+05:30  INFO 17164 --- [apixa-conformance-service] [omcat-handler-0] o.a.c.c.C.[Tomcat].[localhost].[/]       : Initializing Spring DispatcherServlet 'dispatcherServlet'
2026-10-02T20:39:53.362+05:30  INFO 17164 --- [apixa-conformance-service] [omcat-handler-0] o.s.web.servlet.DispatcherServlet        : Initializing Servlet 'dispatcherServlet'
2026-10-02T20:39:53.446+05:30  INFO 17164 --- [apixa-conformance-service] [omcat-handler-0] o.s.web.servlet.DispatcherServlet        : Completed initialization in 82 ms
2026-10-02T20:39:54.533+05:30  WARN 17164 --- [apixa-conformance-service] [omcat-handler-0] o.h.v.i.m.a.CascadingMetaDataBuilder     : HV000271: Using `@Valid` on a container (java.util.List) is deprecated. You should apply the annotation on the type argument(s). Affected element: ConformanceRequest#contractEndpoints()
2026-10-02T20:39:54.556+05:30  WARN 17164 --- [apixa-conformance-service] [omcat-handler-0] o.h.v.i.m.a.CascadingMetaDataBuilder     : HV000271: Using `@Valid` on a container (java.util.List) is deprecated. You should apply the annotation on the type argument(s). Affected element: ConformanceRequest#com.apixa.conformance.model.ConformanceRequest(List, List, List)
2026-10-02T20:39:54.558+05:30  WARN 17164 --- [apixa-conformance-service] [omcat-handler-0] o.h.v.i.m.a.CascadingMetaDataBuilder     : HV000271: Using `@Valid` on a container (java.util.List) is deprecated. You should apply the annotation on the type argument(s). Affected element: contractEndpoints
2026-10-02T20:59:30.506+05:30  WARN 17164 --- [apixa-conformance-service] [l-1:housekeeper] com.zaxxer.hikari.pool.HikariPool        : HikariPool-1 - Thread starvation or clock leap detected (housekeeper delta=5m56s642ms855µs800ns).
2026-10-02T22:51:38.638+05:30  WARN 17164 --- [apixa-conformance-service] [l-1:housekeeper] com.zaxxer.hikari.pool.HikariPool        : HikariPool-1 - Thread starvation or clock leap detected (housekeeper delta=1h52m9s777ms335µs500ns).
2026-10-03T08:30:47.134+05:30 ERROR 17164 --- [apixa-conformance-service] [cat-handler-784] c.a.c.c.ConformanceExceptionHandler      : conformance body parse failure on /api/conformance/analyze: Required request body is missing: public java.util.List<com.apixa.conformance.model.ConformanceResultDto> com.apixa.conformance.controller.ConformanceController.analyze(com.apixa.conformance.model.ConformanceRequest)
